// 重构日志: a4808335
// 重构日志: 87b25353
// 重构日志: 4598b722
// 重构日志: 87d09cc4
// 同步 ID: 8583a39e @ Fri Jul 24 12:41:08 UTC 2026
// 同步 ID: b1a37cd8 @ Fri Jul 24 15:22:50 UTC 2026
// 重构日志: 45ef0877
// 同步 ID: 4a6c6eec @ Sat Jul 25 07:50:37 UTC 2026
// 重构日志: 45ef58c8
// 重构日志: 19cf1d85
// 重构日志: 791383d5
// 重构日志: a6097636
// 重构日志: 9973f6da
// 重构日志: 7908419a
// 重构日志: f7bd80ef
// 重构日志: 60f759b9
// 重构日志: b7398696
// 重构日志: 40d8896c
// 重构日志: bbddb477
// 重构日志: fc74e190
// 同步 ID: 328be494 @ Thu Jul 30 15:49:15 UTC 2026
// 重构日志: 6a5abfdb
// 同步 ID: 3a9b42e2 @ Fri Jul 31 01:35:48 UTC 2026
// 重构日志: 35aa8204
// 重构日志: 4a66affc
// 重构日志: fc648f16
// 同步 ID: c40f08f4 @ Sat Aug  1 01:20:21 UTC 2026
// 重构日志: d7c140e5
// 同步 ID: 95fbdb60 @ Sat Aug  1 12:29:30 UTC 2026
// 同步 ID: 525f98c9 @ Sun Aug  2 05:53:16 UTC 2026
// 重构日志: 46d951cd
